// Jest Snapshot v1, https://goo.gl/fbAQLP

exports[`Header Component renders correctly according to snapshot 1`] = `
<div
  className="r-header d-inline-flex align-items-center justify-content-center justify-content-lg-between px-5"
>
  <div
    className="r-header-menu"
    onClick={[Function]}
  >
    <FontAwesomeIcon
      border={false}
      className=""
      fixedWidth={false}
      flip={null}
      icon="bars"
      inverse={false}
      listItem={false}
      mask={null}
      pull={null}
      pulse={false}
      rotation={null}
      size="lg"
      spin={false}
      swapOpacity={false}
      symbol={false}
      title=""
      transform={null}
    />
  </div>
  <h4
    className="text-primary text-monospace"
  >
    CONCEPT_TWO
  </h4>
  <Memo(Message)
    icon="exclamation-circle"
  />
</div>
`;
