// Jest Snapshot v1, https://goo.gl/fbAQLP

exports[`RouteRenderer Component renders correctly according to snapshot 1`] = `
<Switch>
  <Route
    exact={true}
    key="/lorem"
    path="/lorem"
  />
  <Route
    exact={false}
    key="/ipsum"
    path="/ipsum"
  />
</Switch>
`;
